[   28892ms] [LOG] [GameContainer] container rect: 1220 x 531 @ http://localhost:3001/src/ui/GameContainer.vue?t=1776785834643:37
[   28892ms] [LOG] [Config] creating game: 960 x 540 @ http://localhost:3001/src/game/config.ts?t=1776785834643:6
[   28932ms] [LOG] %c %c %c %c %c Phaser v3.90.0 (WebGL | Web Audio) %c https://phaser.io/v390 background: #ff0000 background: #ffff00 background: #00ff00 background: #00ffff color: #ffffff; background: #000000 background: transparent @ http://localhost:3001/node_modules/.vite/deps/phaser.js?v=3bf3575a:8455
[   29185ms] [LOG] [GameContainer] canvas size: 960 x 540 @ http://localhost:3001/src/ui/GameContainer.vue?t=1776785834643:48
[   29186ms] [LOG] [GameScene] canvas: 960 x 540 @ http://localhost:3001/src/game/scenes/GameScene.ts?t=1776785834643:49
[   29186ms] [LOG] [GameScene] map center tile (10,10) world pos: {x: 0, y: 320} @ http://localhost:3001/src/game/scenes/GameScene.ts?t=1776785834643:50
[   29189ms] [LOG] [GameScene] map created @ http://localhost:3001/src/game/scenes/GameScene.ts?t=1776785834643:96
[   29199ms] [LOG] [GameScene] camera following player at: 0 320 @ http://localhost:3001/src/game/scenes/GameScene.ts?t=1776785834643:63
[ 1200780ms] [LOG] [GameContainer] container rect: 1220 x 531 @ http://localhost:3001/src/ui/GameContainer.vue?t=1776787049914:37
[ 1200780ms] [LOG] [Config] creating game: 960 x 540 @ http://localhost:3001/src/game/config.ts?t=1776787049914:6
[ 1200796ms] [LOG] %c %c %c %c %c Phaser v3.90.0 (WebGL | Web Audio) %c https://phaser.io/v390 background: #ff0000 background: #ffff00 background: #00ff00 background: #00ffff color: #ffffff; background: #000000 background: transparent @ http://localhost:3001/node_modules/.vite/deps/phaser.js?v=3bf3575a:8455
[ 1200853ms] [LOG] [GameContainer] canvas size: 960 x 540 @ http://localhost:3001/src/ui/GameContainer.vue?t=1776787049914:48
[ 1200854ms] [LOG] [GameScene] canvas: 960 x 540 @ http://localhost:3001/src/game/scenes/GameScene.ts?t=1776787049914:49
[ 1200854ms] [LOG] [GameScene] map center tile (10,10) world pos: {x: 0, y: 320} @ http://localhost:3001/src/game/scenes/GameScene.ts?t=1776787049914:50
[ 1200856ms] [LOG] [GameScene] map created @ http://localhost:3001/src/game/scenes/GameScene.ts?t=1776787049914:96
[ 1200860ms] [LOG] [GameScene] camera following player at: 0 320 @ http://localhost:3001/src/game/scenes/GameScene.ts?t=1776787049914:63
[ 1208848ms] [LOG] [GameContainer] container rect: 1220 x 531 @ http://localhost:3001/src/ui/GameContainer.vue?t=1776787057999:37
[ 1208848ms] [LOG] [Config] creating game: 960 x 540 @ http://localhost:3001/src/game/config.ts?t=1776787057999:6
[ 1208864ms] [LOG] %c %c %c %c %c Phaser v3.90.0 (WebGL | Web Audio) %c https://phaser.io/v390 background: #ff0000 background: #ffff00 background: #00ff00 background: #00ffff color: #ffffff; background: #000000 background: transparent @ http://localhost:3001/node_modules/.vite/deps/phaser.js?v=3bf3575a:8455
[ 1208907ms] [LOG] [GameContainer] canvas size: 960 x 540 @ http://localhost:3001/src/ui/GameContainer.vue?t=1776787057999:48
[ 1208908ms] [LOG] [GameScene] canvas: 960 x 540 @ http://localhost:3001/src/game/scenes/GameScene.ts?t=1776787057999:50
[ 1208908ms] [LOG] [GameScene] map center tile (10,10) world pos: {x: 0, y: 320} @ http://localhost:3001/src/game/scenes/GameScene.ts?t=1776787057999:51
[ 1208914ms] [LOG] [GameScene] map created @ http://localhost:3001/src/game/scenes/GameScene.ts?t=1776787057999:97
[ 1208917ms] [LOG] [GameScene] camera following player at: 0 320 @ http://localhost:3001/src/game/scenes/GameScene.ts?t=1776787057999:64
[ 1223458ms] [LOG] [GameContainer] container rect: 1220 x 531 @ http://localhost:3001/src/ui/GameContainer.vue?t=1776787057999:37
[ 1223458ms] [LOG] [Config] creating game: 960 x 540 @ http://localhost:3001/src/game/config.ts?t=1776787057999:6
[ 1223475ms] [LOG] %c %c %c %c %c Phaser v3.90.0 (WebGL | Web Audio) %c https://phaser.io/v390 background: #ff0000 background: #ffff00 background: #00ff00 background: #00ffff color: #ffffff; background: #000000 background: transparent @ http://localhost:3001/node_modules/.vite/deps/phaser.js?v=3bf3575a:8455
[ 1223526ms] [LOG] [GameContainer] canvas size: 960 x 540 @ http://localhost:3001/src/ui/GameContainer.vue?t=1776787057999:48
[ 1223621ms] [LOG] [GameScene] canvas: 960 x 540 @ http://localhost:3001/src/game/scenes/GameScene.ts?t=1776787057999:50
[ 1223622ms] [LOG] [GameScene] map center tile (10,10) world pos: {x: 0, y: 320} @ http://localhost:3001/src/game/scenes/GameScene.ts?t=1776787057999:51
[ 1223624ms] [LOG] [GameScene] map created @ http://localhost:3001/src/game/scenes/GameScene.ts?t=1776787057999:97
[ 1223628ms] [LOG] [GameScene] camera following player at: 0 320 @ http://localhost:3001/src/game/scenes/GameScene.ts?t=1776787057999:64
[ 1641605ms] [LOG] [GameContainer] container rect: 1220 x 531 @ http://localhost:3001/src/ui/GameContainer.vue?t=1776787490756:37
[ 1641605ms] [LOG] [Config] creating game: 960 x 540 @ http://localhost:3001/src/game/config.ts?t=1776787490756:6
[ 1641623ms] [LOG] %c %c %c %c %c Phaser v3.90.0 (WebGL | Web Audio) %c https://phaser.io/v390 background: #ff0000 background: #ffff00 background: #00ff00 background: #00ffff color: #ffffff; background: #000000 background: transparent @ http://localhost:3001/node_modules/.vite/deps/phaser.js?v=3bf3575a:8455
[ 1641671ms] [LOG] [GameContainer] canvas size: 960 x 540 @ http://localhost:3001/src/ui/GameContainer.vue?t=1776787490756:48
[ 1641676ms] [LOG] [GameScene] canvas: 960 x 540 @ http://localhost:3001/src/game/scenes/GameScene.ts?t=1776787490756:41
[ 1641677ms] [LOG] [GameScene] map created @ http://localhost:3001/src/game/scenes/GameScene.ts?t=1776787490756:87
[ 1641680ms] [LOG] [GameScene] camera following player at: 0 320 @ http://localhost:3001/src/game/scenes/GameScene.ts?t=1776787490756:54
[ 1696267ms] [LOG] [GameContainer] container rect: 1220 x 531 @ http://localhost:3001/src/ui/GameContainer.vue?t=1776787545281:37
[ 1696267ms] [LOG] [Config] creating game: 960 x 540 @ http://localhost:3001/src/game/config.ts?t=1776787545281:6
[ 1696302ms] [LOG] %c %c %c %c %c Phaser v3.90.0 (WebGL | Web Audio) %c https://phaser.io/v390 background: #ff0000 background: #ffff00 background: #00ff00 background: #00ffff color: #ffffff; background: #000000 background: transparent @ http://localhost:3001/node_modules/.vite/deps/phaser.js?v=3bf3575a:8455
[ 1696356ms] [LOG] [GameContainer] canvas size: 960 x 540 @ http://localhost:3001/src/ui/GameContainer.vue?t=1776787545281:48
[ 1696357ms] [LOG] [GameScene] canvas: 960 x 540 @ http://localhost:3001/src/game/scenes/GameScene.ts?t=1776787545281:41
[ 1696358ms] [LOG] [GameScene] map created @ http://localhost:3001/src/game/scenes/GameScene.ts?t=1776787545281:87
[ 1696361ms] [LOG] [GameScene] camera following player at: 0 320 @ http://localhost:3001/src/game/scenes/GameScene.ts?t=1776787545281:54
[ 1711638ms] [LOG] [GameContainer] container rect: 1220 x 531 @ http://localhost:3001/src/ui/GameContainer.vue?t=1776787560671:37
[ 1711638ms] [LOG] [Config] creating game: 960 x 540 @ http://localhost:3001/src/game/config.ts?t=1776787560671:6
[ 1711657ms] [LOG] %c %c %c %c %c Phaser v3.90.0 (WebGL | Web Audio) %c https://phaser.io/v390 background: #ff0000 background: #ffff00 background: #00ff00 background: #00ffff color: #ffffff; background: #000000 background: transparent @ http://localhost:3001/node_modules/.vite/deps/phaser.js?v=3bf3575a:8455
[ 1711722ms] [LOG] [GameContainer] canvas size: 960 x 540 @ http://localhost:3001/src/ui/GameContainer.vue?t=1776787560671:48
[ 1711723ms] [LOG] [GameScene] canvas: 960 x 540 @ http://localhost:3001/src/game/scenes/GameScene.ts?t=1776787560671:41
[ 1711724ms] [LOG] [GameScene] map created @ http://localhost:3001/src/game/scenes/GameScene.ts?t=1776787560671:87
[ 1711728ms] [LOG] [GameScene] camera following player at: 0 320 @ http://localhost:3001/src/game/scenes/GameScene.ts?t=1776787560671:54
[ 1725077ms] [LOG] [GameContainer] container rect: 1220 x 531 @ http://localhost:3001/src/ui/GameContainer.vue?t=1776787574229:37
[ 1725077ms] [LOG] [Config] creating game: 960 x 540 @ http://localhost:3001/src/game/config.ts?t=1776787574229:6
[ 1725097ms] [LOG] %c %c %c %c %c Phaser v3.90.0 (WebGL | Web Audio) %c https://phaser.io/v390 background: #ff0000 background: #ffff00 background: #00ff00 background: #00ffff color: #ffffff; background: #000000 background: transparent @ http://localhost:3001/node_modules/.vite/deps/phaser.js?v=3bf3575a:8455
[ 1725141ms] [LOG] [GameContainer] canvas size: 960 x 540 @ http://localhost:3001/src/ui/GameContainer.vue?t=1776787574229:48
[ 1725141ms] [LOG] [GameScene] canvas: 960 x 540 @ http://localhost:3001/src/game/scenes/GameScene.ts?t=1776787574229:43
[ 1725144ms] [LOG] [GameScene] map created @ http://localhost:3001/src/game/scenes/GameScene.ts?t=1776787574229:89
[ 1725148ms] [LOG] [GameScene] camera following player at: 0 320 @ http://localhost:3001/src/game/scenes/GameScene.ts?t=1776787574229:56
[ 1733110ms] [LOG] [GameContainer] container rect: 1220 x 531 @ http://localhost:3001/src/ui/GameContainer.vue?t=1776787582258:37
[ 1733111ms] [LOG] [Config] creating game: 960 x 540 @ http://localhost:3001/src/game/config.ts?t=1776787582258:6
[ 1733129ms] [LOG] %c %c %c %c %c Phaser v3.90.0 (WebGL | Web Audio) %c https://phaser.io/v390 background: #ff0000 background: #ffff00 background: #00ff00 background: #00ffff color: #ffffff; background: #000000 background: transparent @ http://localhost:3001/node_modules/.vite/deps/phaser.js?v=3bf3575a:8455
[ 1733174ms] [LOG] [GameContainer] canvas size: 960 x 540 @ http://localhost:3001/src/ui/GameContainer.vue?t=1776787582258:48
[ 1733175ms] [LOG] [GameScene] canvas: 960 x 540 @ http://localhost:3001/src/game/scenes/GameScene.ts?t=1776787582258:43
[ 1733177ms] [LOG] [GameScene] map created @ http://localhost:3001/src/game/scenes/GameScene.ts?t=1776787582258:90
[ 1733181ms] [LOG] [GameScene] camera following player at: 0 320 @ http://localhost:3001/src/game/scenes/GameScene.ts?t=1776787582258:56
[ 1733183ms] TypeError: this.monsterAttackUpdate is not a function
    at GameScene.update (http://localhost:3001/src/game/scenes/GameScene.ts?t=1776787582258:65:10)
    at Systems2.step (http://localhost:3001/node_modules/.vite/deps/phaser.js?v=3bf3575a:112621:38)
    at SceneManager2.update (http://localhost:3001/node_modules/.vite/deps/phaser.js?v=3bf3575a:110773:29)
    at Game2.step (http://localhost:3001/node_modules/.vite/deps/phaser.js?v=3bf3575a:8624:32)
    at TimeStep2.step (http://localhost:3001/node_modules/.vite/deps/phaser.js?v=3bf3575a:9078:26)
    at step (http://localhost:3001/node_modules/.vite/deps/phaser.js?v=3bf3575a:16405:29)
[ 1751421ms] [LOG] [GameContainer] container rect: 1220 x 531 @ http://localhost:3001/src/ui/GameContainer.vue?t=1776787600573:37
[ 1751421ms] [LOG] [Config] creating game: 960 x 540 @ http://localhost:3001/src/game/config.ts?t=1776787600573:6
[ 1751438ms] [LOG] %c %c %c %c %c Phaser v3.90.0 (WebGL | Web Audio) %c https://phaser.io/v390 background: #ff0000 background: #ffff00 background: #00ff00 background: #00ffff color: #ffffff; background: #000000 background: transparent @ http://localhost:3001/node_modules/.vite/deps/phaser.js?v=3bf3575a:8455
[ 1751487ms] [LOG] [GameContainer] canvas size: 960 x 540 @ http://localhost:3001/src/ui/GameContainer.vue?t=1776787600573:48
[ 1751487ms] [LOG] [GameScene] canvas: 960 x 540 @ http://localhost:3001/src/game/scenes/GameScene.ts?t=1776787600573:43
[ 1751490ms] [LOG] [GameScene] map created @ http://localhost:3001/src/game/scenes/GameScene.ts?t=1776787600573:90
[ 1751495ms] [LOG] [GameScene] camera following player at: 0 320 @ http://localhost:3001/src/game/scenes/GameScene.ts?t=1776787600573:56
[ 1779617ms] [LOG] [GameContainer] container rect: 1220 x 531 @ http://localhost:3001/src/ui/GameContainer.vue?t=1776787628762:37
[ 1779617ms] [LOG] [Config] creating game: 960 x 540 @ http://localhost:3001/src/game/config.ts?t=1776787628762:6
[ 1779635ms] [LOG] %c %c %c %c %c Phaser v3.90.0 (WebGL | Web Audio) %c https://phaser.io/v390 background: #ff0000 background: #ffff00 background: #00ff00 background: #00ffff color: #ffffff; background: #000000 background: transparent @ http://localhost:3001/node_modules/.vite/deps/phaser.js?v=3bf3575a:8455
[ 1779690ms] [LOG] [GameContainer] canvas size: 960 x 540 @ http://localhost:3001/src/ui/GameContainer.vue?t=1776787628762:48
[ 1779691ms] [LOG] [GameScene] canvas: 960 x 540 @ http://localhost:3001/src/game/scenes/GameScene.ts?t=1776787628762:59
[ 1779695ms] [LOG] [GameScene] map created @ http://localhost:3001/src/game/scenes/GameScene.ts?t=1776787628762:106
[ 1779699ms] [LOG] [GameScene] camera following player at: 0 320 @ http://localhost:3001/src/game/scenes/GameScene.ts?t=1776787628762:72
[ 1810793ms] [LOG] [GameContainer] container rect: 1220 x 531 @ http://localhost:3001/src/ui/GameContainer.vue?t=1776787659950:37
[ 1810794ms] [LOG] [Config] creating game: 960 x 540 @ http://localhost:3001/src/game/config.ts?t=1776787659950:6
[ 1810809ms] [LOG] %c %c %c %c %c Phaser v3.90.0 (WebGL | Web Audio) %c https://phaser.io/v390 background: #ff0000 background: #ffff00 background: #00ff00 background: #00ffff color: #ffffff; background: #000000 background: transparent @ http://localhost:3001/node_modules/.vite/deps/phaser.js?v=3bf3575a:8455
[ 1810852ms] [LOG] [GameContainer] canvas size: 960 x 540 @ http://localhost:3001/src/ui/GameContainer.vue?t=1776787659950:48
[ 1810852ms] [LOG] [GameScene] canvas: 960 x 540 @ http://localhost:3001/src/game/scenes/GameScene.ts?t=1776787659950:59
[ 1810857ms] [LOG] [GameScene] map created: miluo_lake 迷罗湖 @ http://localhost:3001/src/game/scenes/GameScene.ts?t=1776787659950:110
[ 1810861ms] [LOG] [GameScene] camera following player at: 0 320 @ http://localhost:3001/src/game/scenes/GameScene.ts?t=1776787659950:72
[ 1820577ms] [LOG] [GameContainer] container rect: 1220 x 531 @ http://localhost:3001/src/ui/GameContainer.vue?t=1776787669738:37
[ 1820577ms] [LOG] [Config] creating game: 960 x 540 @ http://localhost:3001/src/game/config.ts?t=1776787669738:6
[ 1820595ms] [LOG] %c %c %c %c %c Phaser v3.90.0 (WebGL | Web Audio) %c https://phaser.io/v390 background: #ff0000 background: #ffff00 background: #00ff00 background: #00ffff color: #ffffff; background: #000000 background: transparent @ http://localhost:3001/node_modules/.vite/deps/phaser.js?v=3bf3575a:8455
[ 1820637ms] [LOG] [GameContainer] canvas size: 960 x 540 @ http://localhost:3001/src/ui/GameContainer.vue?t=1776787669738:48
[ 1820638ms] [LOG] [GameScene] canvas: 960 x 540 @ http://localhost:3001/src/game/scenes/GameScene.ts?t=1776787669738:59
[ 1820642ms] [LOG] [GameScene] map created: miluo_lake 迷罗湖 @ http://localhost:3001/src/game/scenes/GameScene.ts?t=1776787669738:110
[ 1820645ms] [LOG] [GameScene] camera following player at: 0 320 @ http://localhost:3001/src/game/scenes/GameScene.ts?t=1776787669738:72
[ 2213260ms] [LOG] [GameContainer] container rect: 1220 x 531 @ http://localhost:3001/src/ui/GameContainer.vue?t=1776788062268:37
[ 2213260ms] [LOG] [Config] creating game: 960 x 540 @ http://localhost:3001/src/game/config.ts?t=1776788062268:6
[ 2213283ms] [LOG] %c %c %c %c %c Phaser v3.90.0 (WebGL | Web Audio) %c https://phaser.io/v390 background: #ff0000 background: #ffff00 background: #00ff00 background: #00ffff color: #ffffff; background: #000000 background: transparent @ http://localhost:3001/node_modules/.vite/deps/phaser.js?v=3bf3575a:8455
[ 2213334ms] [LOG] [GameContainer] canvas size: 960 x 540 @ http://localhost:3001/src/ui/GameContainer.vue?t=1776788062268:48
[ 2213335ms] [LOG] [GameScene] canvas: 960 x 540 @ http://localhost:3001/src/game/scenes/GameScene.ts?t=1776788062268:59
[ 2213338ms] [LOG] [GameScene] map created: miluo_lake 迷罗湖 @ http://localhost:3001/src/game/scenes/GameScene.ts?t=1776788062268:110
[ 2213342ms] [LOG] [GameScene] camera following player at: 0 320 @ http://localhost:3001/src/game/scenes/GameScene.ts?t=1776788062268:72
[ 2231429ms] [LOG] [GameContainer] container rect: 1220 x 531 @ http://localhost:3001/src/ui/GameContainer.vue?t=1776788080479:37
[ 2231429ms] [LOG] [Config] creating game: 960 x 540 @ http://localhost:3001/src/game/config.ts?t=1776788080479:6
[ 2231447ms] [LOG] %c %c %c %c %c Phaser v3.90.0 (WebGL | Web Audio) %c https://phaser.io/v390 background: #ff0000 background: #ffff00 background: #00ff00 background: #00ffff color: #ffffff; background: #000000 background: transparent @ http://localhost:3001/node_modules/.vite/deps/phaser.js?v=3bf3575a:8455
[ 2231503ms] [LOG] [GameContainer] canvas size: 960 x 540 @ http://localhost:3001/src/ui/GameContainer.vue?t=1776788080479:48
[ 2231504ms] [LOG] [GameScene] canvas: 960 x 540 @ http://localhost:3001/src/game/scenes/GameScene.ts?t=1776788080479:59
[ 2231507ms] [LOG] [GameScene] map created: miluo_lake 迷罗湖 @ http://localhost:3001/src/game/scenes/GameScene.ts?t=1776788080479:110
[ 2231510ms] [LOG] [GameScene] camera following player at: 0 320 @ http://localhost:3001/src/game/scenes/GameScene.ts?t=1776788080479:72
[ 2244453ms] [LOG] [GameContainer] container rect: 1220 x 531 @ http://localhost:3001/src/ui/GameContainer.vue?t=1776788093442:37
[ 2244453ms] [LOG] [Config] creating game: 960 x 540 @ http://localhost:3001/src/game/config.ts?t=1776788093442:6
[ 2244474ms] [LOG] %c %c %c %c %c Phaser v3.90.0 (WebGL | Web Audio) %c https://phaser.io/v390 background: #ff0000 background: #ffff00 background: #00ff00 background: #00ffff color: #ffffff; background: #000000 background: transparent @ http://localhost:3001/node_modules/.vite/deps/phaser.js?v=3bf3575a:8455
[ 2244516ms] [LOG] [GameContainer] canvas size: 960 x 540 @ http://localhost:3001/src/ui/GameContainer.vue?t=1776788093442:48
[ 2244517ms] [LOG] [GameScene] canvas: 960 x 540 @ http://localhost:3001/src/game/scenes/GameScene.ts?t=1776788093442:59
[ 2244518ms] [LOG] [GameScene] map created: miluo_lake 迷罗湖 @ http://localhost:3001/src/game/scenes/GameScene.ts?t=1776788093442:110
[ 2244521ms] [LOG] [GameScene] camera following player at: 0 320 @ http://localhost:3001/src/game/scenes/GameScene.ts?t=1776788093442:72
[ 2272586ms] [LOG] [GameContainer] container rect: 1220 x 531 @ http://localhost:3001/src/ui/GameContainer.vue?t=1776788121561:37
[ 2272586ms] [LOG] [Config] creating game: 960 x 540 @ http://localhost:3001/src/game/config.ts?t=1776788121561:6
[ 2272606ms] [LOG] %c %c %c %c %c Phaser v3.90.0 (WebGL | Web Audio) %c https://phaser.io/v390 background: #ff0000 background: #ffff00 background: #00ff00 background: #00ffff color: #ffffff; background: #000000 background: transparent @ http://localhost:3001/node_modules/.vite/deps/phaser.js?v=3bf3575a:8455
[ 2272652ms] [LOG] [GameContainer] canvas size: 960 x 540 @ http://localhost:3001/src/ui/GameContainer.vue?t=1776788121561:48
[ 2272652ms] [LOG] [GameScene] canvas: 960 x 540 @ http://localhost:3001/src/game/scenes/GameScene.ts?t=1776788121561:59
[ 2272654ms] [LOG] [GameScene] map created: miluo_lake 迷罗湖 @ http://localhost:3001/src/game/scenes/GameScene.ts?t=1776788121561:110
[ 2272658ms] [LOG] [GameScene] camera following player at: 0 320 @ http://localhost:3001/src/game/scenes/GameScene.ts?t=1776788121561:72
[ 2278357ms] [LOG] [GameContainer] container rect: 1220 x 531 @ http://localhost:3001/src/ui/GameContainer.vue?t=1776788127398:37
[ 2278357ms] [LOG] [Config] creating game: 960 x 540 @ http://localhost:3001/src/game/config.ts?t=1776788127398:6
[ 2278377ms] [LOG] %c %c %c %c %c Phaser v3.90.0 (WebGL | Web Audio) %c https://phaser.io/v390 background: #ff0000 background: #ffff00 background: #00ff00 background: #00ffff color: #ffffff; background: #000000 background: transparent @ http://localhost:3001/node_modules/.vite/deps/phaser.js?v=3bf3575a:8455
[ 2278422ms] [LOG] [GameContainer] canvas size: 960 x 540 @ http://localhost:3001/src/ui/GameContainer.vue?t=1776788127398:48
[ 2278422ms] [LOG] [GameScene] canvas: 960 x 540 @ http://localhost:3001/src/game/scenes/GameScene.ts?t=1776788127398:59
[ 2278425ms] [LOG] [GameScene] map created: miluo_lake 迷罗湖 @ http://localhost:3001/src/game/scenes/GameScene.ts?t=1776788127398:110
[ 2278427ms] [LOG] [GameScene] camera following player at: 0 320 @ http://localhost:3001/src/game/scenes/GameScene.ts?t=1776788127398:72
[ 2327613ms] [LOG] [GameContainer] container rect: 1220 x 531 @ http://localhost:3001/src/ui/GameContainer.vue?t=1776788176751:37
[ 2327613ms] [LOG] [Config] creating game: 960 x 540 @ http://localhost:3001/src/game/config.ts?t=1776788127398:6
[ 2327633ms] [LOG] %c %c %c %c %c Phaser v3.90.0 (WebGL | Web Audio) %c https://phaser.io/v390 background: #ff0000 background: #ffff00 background: #00ff00 background: #00ffff color: #ffffff; background: #000000 background: transparent @ http://localhost:3001/node_modules/.vite/deps/phaser.js?v=3bf3575a:8455
[ 2327682ms] [LOG] [GameContainer] canvas size: 960 x 540 @ http://localhost:3001/src/ui/GameContainer.vue?t=1776788176751:48
[ 2327683ms] [LOG] [GameScene] canvas: 960 x 540 @ http://localhost:3001/src/game/scenes/GameScene.ts?t=1776788127398:59
[ 2327684ms] [LOG] [GameScene] map created: miluo_lake 迷罗湖 @ http://localhost:3001/src/game/scenes/GameScene.ts?t=1776788127398:110
[ 2327687ms] [LOG] [GameScene] camera following player at: 0 320 @ http://localhost:3001/src/game/scenes/GameScene.ts?t=1776788127398:72
[ 2332479ms] [LOG] [GameContainer] container rect: 1220 x 531 @ http://localhost:3001/src/ui/GameContainer.vue?t=1776788181607:38
[ 2332479ms] [LOG] [Config] creating game: 960 x 540 @ http://localhost:3001/src/game/config.ts?t=1776788127398:6
[ 2332487ms] [WARNING] WARNING: Too many active WebGL contexts. Oldest context will be lost. @ http://localhost:3001/node_modules/.vite/deps/phaser.js?v=3bf3575a:100273
[ 2332497ms] [LOG] %c %c %c %c %c Phaser v3.90.0 (WebGL | Web Audio) %c https://phaser.io/v390 background: #ff0000 background: #ffff00 background: #00ff00 background: #00ffff color: #ffffff; background: #000000 background: transparent @ http://localhost:3001/node_modules/.vite/deps/phaser.js?v=3bf3575a:8455
[ 2332542ms] [LOG] [GameContainer] canvas size: 960 x 540 @ http://localhost:3001/src/ui/GameContainer.vue?t=1776788181607:49
[ 2332543ms] [LOG] [GameScene] canvas: 960 x 540 @ http://localhost:3001/src/game/scenes/GameScene.ts?t=1776788127398:59
[ 2332544ms] [LOG] [GameScene] map created: miluo_lake 迷罗湖 @ http://localhost:3001/src/game/scenes/GameScene.ts?t=1776788127398:110
[ 2332546ms] [LOG] [GameScene] camera following player at: 0 320 @ http://localhost:3001/src/game/scenes/GameScene.ts?t=1776788127398:72
[ 2549388ms] [LOG] [GameContainer] container rect: 1220 x 531 @ http://localhost:3001/src/ui/GameContainer.vue?t=1776788398544:38
[ 2549388ms] [LOG] [Config] creating game: 960 x 540 @ http://localhost:3001/src/game/config.ts?t=1776788398544:6
[ 2549405ms] [WARNING] WARNING: Too many active WebGL contexts. Oldest context will be lost. @ http://localhost:3001/node_modules/.vite/deps/phaser.js?v=3bf3575a:100273
[ 2549414ms] [LOG] %c %c %c %c %c Phaser v3.90.0 (WebGL | Web Audio) %c https://phaser.io/v390 background: #ff0000 background: #ffff00 background: #00ff00 background: #00ffff color: #ffffff; background: #000000 background: transparent @ http://localhost:3001/node_modules/.vite/deps/phaser.js?v=3bf3575a:8455
[ 2549458ms] [LOG] [GameContainer] canvas size: 960 x 540 @ http://localhost:3001/src/ui/GameContainer.vue?t=1776788398544:49
[ 2549459ms] [LOG] [GameScene] canvas: 960 x 540 @ http://localhost:3001/src/game/scenes/GameScene.ts?t=1776788398544:59
[ 2549462ms] [LOG] [GameScene] map created: miluo_lake 迷罗湖 @ http://localhost:3001/src/game/scenes/GameScene.ts?t=1776788398544:110
[ 2549466ms] [LOG] [GameScene] camera following player at: 0 320 @ http://localhost:3001/src/game/scenes/GameScene.ts?t=1776788398544:72
[ 2556365ms] [LOG] [GameContainer] container rect: 1220 x 531 @ http://localhost:3001/src/ui/GameContainer.vue?t=1776788405530:38
[ 2556365ms] [LOG] [Config] creating game: 960 x 540 @ http://localhost:3001/src/game/config.ts?t=1776788405530:6
[ 2556382ms] [WARNING] WARNING: Too many active WebGL contexts. Oldest context will be lost. @ http://localhost:3001/node_modules/.vite/deps/phaser.js?v=3bf3575a:100273
[ 2556389ms] [LOG] %c %c %c %c %c Phaser v3.90.0 (WebGL | Web Audio) %c https://phaser.io/v390 background: #ff0000 background: #ffff00 background: #00ff00 background: #00ffff color: #ffffff; background: #000000 background: transparent @ http://localhost:3001/node_modules/.vite/deps/phaser.js?v=3bf3575a:8455
[ 2556433ms] [LOG] [GameContainer] canvas size: 960 x 540 @ http://localhost:3001/src/ui/GameContainer.vue?t=1776788405530:49
[ 2556434ms] [LOG] [GameScene] canvas: 960 x 540 @ http://localhost:3001/src/game/scenes/GameScene.ts?t=1776788405530:64
[ 2556435ms] [LOG] [GameScene] map created: miluo_lake 迷罗湖 @ http://localhost:3001/src/game/scenes/GameScene.ts?t=1776788405530:115
[ 2556438ms] [LOG] [GameScene] camera following player at: 0 320 @ http://localhost:3001/src/game/scenes/GameScene.ts?t=1776788405530:77
[ 2568096ms] [LOG] [GameContainer] container rect: 1220 x 531 @ http://localhost:3001/src/ui/GameContainer.vue?t=1776788417250:38
[ 2568096ms] [LOG] [Config] creating game: 960 x 540 @ http://localhost:3001/src/game/config.ts?t=1776788417250:6
[ 2568108ms] [WARNING] WARNING: Too many active WebGL contexts. Oldest context will be lost. @ http://localhost:3001/node_modules/.vite/deps/phaser.js?v=3bf3575a:100273
[ 2568114ms] [LOG] %c %c %c %c %c Phaser v3.90.0 (WebGL | Web Audio) %c https://phaser.io/v390 background: #ff0000 background: #ffff00 background: #00ff00 background: #00ffff color: #ffffff; background: #000000 background: transparent @ http://localhost:3001/node_modules/.vite/deps/phaser.js?v=3bf3575a:8455
[ 2568156ms] [LOG] [GameContainer] canvas size: 960 x 540 @ http://localhost:3001/src/ui/GameContainer.vue?t=1776788417250:49
[ 2568156ms] [LOG] [GameScene] canvas: 960 x 540 @ http://localhost:3001/src/game/scenes/GameScene.ts?t=1776788417250:63
[ 2568158ms] [LOG] [GameScene] map created: miluo_lake 迷罗湖 @ http://localhost:3001/src/game/scenes/GameScene.ts?t=1776788417250:114
[ 2568161ms] [LOG] [GameScene] camera following player at: 0 320 @ http://localhost:3001/src/game/scenes/GameScene.ts?t=1776788417250:76
[ 2574745ms] [LOG] [GameContainer] container rect: 1220 x 531 @ http://localhost:3001/src/ui/GameContainer.vue?t=1776788423909:38
[ 2574745ms] [LOG] [Config] creating game: 960 x 540 @ http://localhost:3001/src/game/config.ts?t=1776788423909:6
[ 2574759ms] [WARNING] WARNING: Too many active WebGL contexts. Oldest context will be lost. @ http://localhost:3001/node_modules/.vite/deps/phaser.js?v=3bf3575a:100273
[ 2574765ms] [LOG] %c %c %c %c %c Phaser v3.90.0 (WebGL | Web Audio) %c https://phaser.io/v390 background: #ff0000 background: #ffff00 background: #00ff00 background: #00ffff color: #ffffff; background: #000000 background: transparent @ http://localhost:3001/node_modules/.vite/deps/phaser.js?v=3bf3575a:8455
[ 2574805ms] [LOG] [GameContainer] canvas size: 960 x 540 @ http://localhost:3001/src/ui/GameContainer.vue?t=1776788423909:49
[ 2574806ms] [LOG] [GameScene] canvas: 960 x 540 @ http://localhost:3001/src/game/scenes/GameScene.ts?t=1776788423909:63
[ 2574808ms] [LOG] [GameScene] map created: miluo_lake 迷罗湖 @ http://localhost:3001/src/game/scenes/GameScene.ts?t=1776788423909:116
[ 2574811ms] [LOG] [GameScene] camera following player at: 0 320 @ http://localhost:3001/src/game/scenes/GameScene.ts?t=1776788423909:76
[ 2574811ms] TypeError: this.updateSkillCooldowns is not a function
    at GameScene.update (http://localhost:3001/src/game/scenes/GameScene.ts?t=1776788423909:86:10)
    at Systems2.step (http://localhost:3001/node_modules/.vite/deps/phaser.js?v=3bf3575a:112621:38)
    at SceneManager2.update (http://localhost:3001/node_modules/.vite/deps/phaser.js?v=3bf3575a:110773:29)
    at Game2.step (http://localhost:3001/node_modules/.vite/deps/phaser.js?v=3bf3575a:8624:32)
    at TimeStep2.step (http://localhost:3001/node_modules/.vite/deps/phaser.js?v=3bf3575a:9078:26)
    at step (http://localhost:3001/node_modules/.vite/deps/phaser.js?v=3bf3575a:16405:29)
